../Core/Src/main.c:87:6:startBR	16	static
../Core/Src/main.c:134:6:Sound_Open	24	static
../Core/Src/main.c:199:6:Sound_Close	16	static
../Core/Src/main.c:234:5:main	16	static
../Core/Src/main.c:301:6:SystemClock_Config	80	static
../Core/Src/main.c:337:13:MX_NVIC_Init	8	static
../Core/Src/main.c:351:6:HAL_TIM_PeriodElapsedCallback	16	static
../Core/Src/main.c:373:6:HAL_UART_RxCpltCallback	32	static
../Core/Src/main.c:445:6:delay_us	16	static
../Core/Src/main.c:450:6:HAL_GPIO_EXTI_Callback	16	static
../Core/Src/main.c:461:6:Error_Handler	8	static,ignoring_inline_asm
