../Core/Src/main.c:108:6:startBR	8	static
../Core/Src/main.c:127:6:Sound_Open	40	static
../Core/Src/main.c:151:6:Sound_Close	24	static
../Core/Src/main.c:177:5:main	8	static
../Core/Src/main.c:269:6:SystemClock_Config	80	static
../Core/Src/main.c:305:13:MX_NVIC_Init	8	static
../Core/Src/main.c:316:6:HAL_TIM_PeriodElapsedCallback	16	static
../Core/Src/main.c:330:6:HAL_UARTEx_RxEventCallback	24	static
../Core/Src/main.c:536:6:delay_us	16	static
../Core/Src/main.c:541:6:HAL_GPIO_EXTI_Callback	16	static
../Core/Src/main.c:554:6:print	16	static
../Core/Src/main.c:577:6:Error_Handler	8	static,ignoring_inline_asm
